Loading weights:   0%|                                                               | 0/434 [00:00<?, ?it/s]Loading weights:  70%|███████████████████████████████████▋               | 304/434 [00:00<00:00, 2961.62it/s]Loading weights: 100%|███████████████████████████████████████████████████| 434/434 [00:00<00:00, 2410.60it/s]

=== Day 1 ===
Town arc created: Community Project (location=town_square, tension=1, progress=0)
Daily Event: Town Cleanup - Volunteers are meeting to clean up the town square.

--- 8:00 ---
Maya chooses activity: Work on intent: investigate at library (Maya is pursuing 'learn town secrets' through seek information at location.)
Ethan chooses activity: Socialize with townspeople at cafe (Ethan wants more social contact.)
Lena chooses activity: Attend Town Cleanup at town_square (Lena is interested in today's event: Town Cleanup.)
Carlos chooses activity: Work on intent: seek_work at market (Carlos is pursuing 'find business opportunities' through direct participation.)
No conversations this tick

--- 12:00 ---
Maya chooses activity: Check records for leads at library (Maya is looking for background information.)
Ethan chooses activity: Look for work or business opportunities at market (Ethan wants to improve wealth.)
Lena chooses activity: Attend Town Cleanup at town_square (Lena is interested in today's event: Town Cleanup.)
Carlos chooses activity: Work on intent: seek_work at market (Carlos is pursuing 'find business opportunities' through direct participation.)
Intent update: Carlos seek_work succeeded (2/2)
Day 1, 12:00 at market: Ethan, I noticed you're looking for supplies. Would you like some help organizing the shelves? Relationship is now neutral (score +0, change +0). Action: offer_help.

--- 18:00 ---
Maya chooses activity: Work on intent: investigate at library (Maya is pursuing 'learn town secrets' through seek information at location.)
Ethan chooses activity: Work on intent: investigate at library (Ethan is pursuing 'find reliable allies' through seek information at location.)
Lena chooses activity: Attend Town Cleanup at town_square (Lena is interested in today's event: Town Cleanup.)
Carlos chooses activity: Look for information at library (Carlos wants to learn something useful.)
Day 1, 18:00 at library: Could you show me where they keep the most useful books? Relationship is now neutral (score +0, change +0). Action: ask_for_help.

--- 22:00 ---
Maya chooses activity: Work on intent: investigate at library (Maya is pursuing 'learn town secrets' through seek information at location.)
Ethan chooses activity: Work on intent: investigate at library (Ethan is pursuing 'find reliable allies' through seek information at location.)
Lena chooses activity: Look for work or business opportunities at market (Lena wants to improve wealth.)
Carlos chooses activity: Network with townspeople at cafe (Carlos wants to grow influence through relationships.)
Intent update: Ethan investigate succeeded (2/2)
Day 1, 22:00 at library: From what I saw, Carlos seemed helpful, though you should judge for yourself. Relationship is now neutral (score -1, change -1). Action: share_rumor.

=== Day 2 ===
Town arc updated: Community Project (tension 1->0, progress 0->1)
Daily Event: Cooking Class - Residents are learning simple recipes using local ingredients.

--- 8:00 ---
Maya chooses activity: Work on intent: investigate at library (Maya is pursuing 'learn town secrets' through seek information at location.)
Ethan chooses activity: Talk with people in the town square at town_square (Ethan wants to be around people.)
Lena chooses activity: Meet residents at cafe (Lena wants to build goodwill with residents.)
Carlos chooses activity: Socialize with townspeople at cafe (Carlos wants more social contact.)
Intent update: Lena socialize succeeded (2/2)
Day 2, 8:00 at cafe: Let's try the strawberry shortcake recipe you learned. I could use some fresh ideas for our next community potluck. Relationship is now neutral (score +1, change +1). Action: cooperate.

--- 12:00 ---
Maya chooses activity: Investigate a possible story at town_square (Maya is looking for town stories or rumors.)
Ethan chooses activity: Review records and numbers at library (Ethan wants reliable information before trusting others.)
Lena chooses activity: Meet residents at cafe (Lena wants to build goodwill with residents.)
Carlos chooses activity: Work on intent: seek_work at market (Carlos is pursuing 'find business opportunities' through direct participation.)
No conversations this tick

--- 18:00 ---
Maya chooses activity: Check records for leads at library (Maya is looking for background information.)
Ethan chooses activity: Look for work or business opportunities at market (Ethan wants to improve wealth.)
Lena chooses activity: Look for information at library (Lena wants to learn something useful.)
Carlos chooses activity: Look for information at library (Carlos wants to learn something useful.)
Day 2, 18:00 at library: Could you point me to where they store the most useful books? Relationship is now neutral (score +1, change +1). Action: ask_for_help.

--- 22:00 ---
Maya chooses activity: Investigate a possible story at town_square (Maya is looking for town stories or rumors.)
Ethan chooses activity: Socialize with townspeople at cafe (Ethan wants more social contact.)
Lena chooses activity: Look for information at library (Lena wants to learn something useful.)
Carlos chooses activity: Look for business opportunities at market (Carlos wants to find business opportunities.)
No conversations this tick

=== Day 3 ===
Town arc updated: Community Project (progress 1->2)
Daily Event: Street Music Night - Musicians are performing near the town square in the evening.

--- 8:00 ---
Maya chooses activity: Investigate a possible story at town_square (Maya is looking for town stories or rumors.)
Ethan chooses activity: Talk with people in the town square at town_square (Ethan wants to be around people.)
Lena chooses activity: Attend Street Music Night at town_square (Lena is interested in today's event: Street Music Night.)
Carlos chooses activity: Talk with people in the town square at town_square (Carlos wants to be around people.)
Day 3, 8:00 at town_square: My work as an accountant has kept me busy near the town square. Relationship is now neutral (score +0, change +0). Action: chat.

--- 12:00 ---
Maya chooses activity: Check records for leads at library (Maya is looking for background information.)
Ethan chooses activity: Attend Street Music Night at town_square (Ethan is interested in today's event: Street Music Night.)
Lena chooses activity: Organize community support at town_square (Lena wants to help the town community.)
Carlos chooses activity: Work on intent: socialize at cafe (Carlos is pursuing 'grow his influence' through direct participation.)
Day 3, 12:00 at town_square: I noticed you've been listening to all these musicians. It's quite a change from your usual work, huh? Relationship is now neutral (score -1, change -1). Action: chat.

--- 18:00 ---
Maya chooses activity: Attend Street Music Night at town_square (Maya is interested in today's event: Street Music Night.)
Ethan chooses activity: Observe business activity at market (Ethan is watching for financial opportunities or risks.)
Lena chooses activity: Work on intent: socialize at town_square (Lena is pursuing 'help the town community' through direct participation.)
Carlos chooses activity: Network with townspeople at cafe (Carlos wants to grow influence through relationships.)
Day 3, 18:00 at town_square: Maya leaned closer to Lena, suggesting they could find some good spots to capture the music. Relationship is now neutral (score +1, change +1). Action: chat.

--- 22:00 ---
Maya chooses activity: Check records for leads at library (Maya is looking for background information.)
Ethan chooses activity: Observe business activity at market (Ethan is watching for financial opportunities or risks.)
Lena chooses activity: Work on intent: socialize at town_square (Lena is pursuing 'help the town community' through direct participation.)
Carlos chooses activity: Work on intent: socialize at cafe (Carlos is pursuing 'grow his influence' through direct participation.)
No conversations this tick

=== Day 4 ===
Town arc resolved: Community Project (location=town_square, tension=1, progress=3)
Town arc created: Market Pressure (location=market, tension=2, progress=0)
Daily Event: Merchant Inspection - Market stalls are being checked for fair prices and proper records.

--- 8:00 ---
Maya chooses activity: Look for work or business opportunities at market (Maya wants to improve wealth.)
Ethan chooses activity: Attend Merchant Inspection at market (Ethan is interested in today's event: Merchant Inspection.)
Lena chooses activity: Work on intent: socialize at town_square (Lena is pursuing 'help the town community' through direct participation.)
Carlos chooses activity: Attend Merchant Inspection at market (Carlos is interested in today's event: Merchant Inspection.)
Day 4, 8:00 at market: I noticed some stalls have unusually low prices. Do you think there might be any scams going on? Relationship is now neutral (score -1, change +0). Action: chat.

--- 12:00 ---
Maya chooses activity: Attend Merchant Inspection at market (Maya is interested in today's event: Merchant Inspection.)
Ethan chooses activity: Attend Merchant Inspection at market (Ethan is interested in today's event: Merchant Inspection.)
Lena chooses activity: Look for work or business opportunities at market (Lena wants to improve wealth.)
Carlos chooses activity: Work on intent: socialize at cafe (Carlos is pursuing 'grow his influence' through direct participation.)
Day 4, 12:00 at market: I saw some stalls offering items way below market price. Do you think there's a chance of fraud? Relationship is now neutral (score +1, change +0). Action: chat.

--- 18:00 ---
Maya chooses activity: Socialize with townspeople at cafe (Maya wants more social contact.)
Ethan chooses activity: Attend Merchant Inspection at market (Ethan is interested in today's event: Merchant Inspection.)
Lena chooses activity: Look for information at library (Lena wants to learn something useful.)
Carlos chooses activity: Look for information at library (Carlos wants to learn something useful.)
Day 4, 18:00 at library: Could you recommend any good books on community organizing? I'm looking for some insights. Relationship is now neutral (score +1, change +0). Action: chat.

--- 22:00 ---
Maya chooses activity: Investigate a possible story at town_square (Maya is looking for town stories or rumors.)
Ethan chooses activity: Attend Merchant Inspection at market (Ethan is interested in today's event: Merchant Inspection.)
Lena chooses activity: Meet residents at cafe (Lena wants to build goodwill with residents.)
Carlos chooses activity: Network with townspeople at cafe (Carlos wants to grow influence through relationships.)
Day 4, 22:00 at cafe: Let's see if we can find some new recipes for the upcoming festival. Relationship is now neutral (score +2, change +1). Action: cooperate.

=== Day 5 ===
Daily Event: Book Club - Residents are gathering to discuss a new book at the library.

--- 8:00 ---
Maya chooses activity: Look for work or business opportunities at market (Maya wants to improve wealth.)
Ethan chooses activity: Attend Book Club at library (Ethan is interested in today's event: Book Club.)
Lena chooses activity: Look for work or business opportunities at market (Lena wants to improve wealth.)
Carlos chooses activity: Attend Book Club at library (Carlos is interested in today's event: Book Club.)
Day 5, 8:00 at market: My work as a local journalist has kept me busy near the market. Relationship is now neutral (score +1, change +0). Action: chat.
Intent update: Ethan investigate succeeded (1/2)
Day 5, 8:00 at library: Carlos, have you seen if they need any volunteers for today's event? Relationship is now neutral (score +0, change +0). Action: ask_for_help.

--- 12:00 ---
Maya chooses activity: Attend Book Club at library (Maya is interested in today's event: Book Club.)
Ethan chooses activity: Review records and numbers at library (Ethan wants reliable information before trusting others.)
Lena chooses activity: Meet residents at cafe (Lena wants to build goodwill with residents.)
Carlos chooses activity: Look for business opportunities at market (Carlos wants to find business opportunities.)
Day 5, 12:00 at library: I have been focused on review records and numbers today. Relationship is now neutral (score -1, change +0). Action: chat.

--- 18:00 ---
Maya chooses activity: Socialize with townspeople at cafe (Maya wants more social contact.)
Ethan chooses activity: Attend Book Club at library (Ethan is interested in today's event: Book Club.)
Lena chooses activity: Organize community support at town_square (Lena wants to help the town community.)
Carlos chooses activity: Attend Book Club at library (Carlos is interested in today's event: Book Club.)
Day 5, 18:00 at library: Have you heard what they're talking about at the Book Club today? Relationship is now neutral (score +0, change +0). Action: chat.

--- 22:00 ---
Maya chooses activity: Check records for leads at library (Maya is looking for background information.)
Ethan chooses activity: Review records and numbers at library (Ethan wants reliable information before trusting others.)
Lena chooses activity: Look for information at library (Lena wants to learn something useful.)
Carlos chooses activity: Look for information at library (Carlos wants to learn something useful.)
Day 5, 22:00 at library: I noticed the street music night was really popular last week. Did you get a chance to check it out? Relationship is now neutral (score +2, change +1). Action: chat.

=== Final Relationships ===

Maya:
  Carlos: neutral (+1)
  Ethan: neutral (-1)
  Lena: neutral (+2)

Ethan:
  Carlos: neutral (+0)
  Maya: neutral (-1)
  Lena: neutral (+0)

Lena:
  Carlos: neutral (+2)
  Ethan: neutral (+0)
  Maya: neutral (+2)

Carlos:
  Ethan: neutral (+0)
  Maya: neutral (+1)
  Lena: neutral (+2)

=== Town Summary ===

Total conversations: 17
Most common action: chat (10)

Action distribution:
  chat: 10 (58.8%)
  ask_for_help: 3 (17.6%)
  cooperate: 2 (11.8%)
  share_rumor: 1 (5.9%)
  offer_help: 1 (5.9%)

Conversations by day:
  Day 1: 3
  Day 2: 2
  Day 3: 3
  Day 4: 4
  Day 5: 5

Activity distribution:
  Look for information: 8
  Look for work or business opportunities: 7
  Work on intent: investigate: 6
  Work on intent: socialize: 6
  Attend Merchant Inspection: 6
  Socialize with townspeople: 5
  Check records for leads: 5
  Attend Book Club: 5
  Meet residents: 4
  Investigate a possible story: 4
  Attend Town Cleanup: 3
  Work on intent: seek_work: 3
  Network with townspeople: 3
  Talk with people in the town square: 3
  Review records and numbers: 3
  Attend Street Music Night: 3
  Look for business opportunities: 2
  Organize community support: 2
  Observe business activity: 2

Location distribution:
  library: 27
  market: 20
  town_square: 18
  cafe: 15

Relationship summary:
  Average relationship score: +0.67
  Strongest relationship: Carlos <-> Lena (+2, neutral)
  Weakest relationship: Ethan <-> Maya (-1, neutral)

Relationship distribution:
  close friends: 0
  friendly: 0
  neutral: 6
  tense: 0
  enemies: 0

Relationship event summary:
  Total relationship events: 10
  Positive events: 5
  Negative events: 2
  Neutral events: 3
  Events by action:
    ask_for_help: 3
    chat: 3
    cooperate: 2
    offer_help: 1
    share_rumor: 1
  Positive/repair social actions: 5
  Negative/guarded social actions: 1

Agent intent summary:
  Active intents: 3
  Completed/ended intents: 9
  Active intents by type:
    socialize: 2
    build_friendship: 1
  Current intents:
    Carlos: socialize -> Lena progress 0/2 (expires day 7)
    Lena: socialize -> Carlos progress 0/2 (expires day 7)
    Maya: build_friendship -> Carlos progress 0/2 (expires day 5)
  Intent outcomes:
    succeeded: 8
    expired: 1
  Recent completed/ended intents:
    Carlos: seek_work -> market succeeded on day 2 (Parent goal achieved.)
    Lena: socialize -> town_square succeeded on day 4 (Parent goal achieved.)
    Carlos: socialize -> cafe succeeded on day 4 (Target-location activity advanced the tactic.)
    Ethan: investigate -> Carlos expired on day 5 (Intent expired before reaching enough progress.)
    Ethan: investigate -> Carlos succeeded on day 5 (Parent goal achieved.)

Town arc summary:
  Total arcs: 2
  Active arcs: 1
  Arcs by type:
    Community Project: 1
    Market Pressure: 1
  Community Project: resolved, location=town_square, tension=1, progress=3
  Market Pressure: active, location=market, tension=3, progress=0

Average needs:
  knowledge: 61.2
  social: 61.0
  wealth: 54.8

Memory summary:
  Total memories: 69
  Average memories per agent: 17.2
  Most memories: Maya (18)
  Archived memories: 0
  Memories by type:
    conversation: 34
    daily_event: 20
    town_arc: 15

Topic summary:
  Unique topic tags: 7
  Most common topics:
    conversation: 17
    learning: 4
    event: 3
    market: 3
    street_music_night: 2
    business: 2
    book_club: 1

Repetition summary:
  Repeated dialogue rate: 0.0%

Daily event usage:
  Event-related conversations: 3
  Daily event mention rate: 17.6%

Daily journal summary:
  Maya: 5 journal entries, 18 active memories, 0 archived memories
    Latest day 5: Maya spent the day Look for work or business opportunities, then Attend Book Club, then Socialize with townspeople. Important interactions involved Lena, Ethan. The relationship with Lena improved.
  Ethan: 5 journal entries, 17 active memories, 0 archived memories
    Latest day 5: Ethan spent the day Attend Book Club, then Review records and numbers. Important interactions involved Carlos, Maya. The relationship with Carlos did not substantially change. Intent outcomes: investigate: expired. Intent expired before reaching enough progress. investigate: succeeded. Parent goal achieved.
  Lena: 5 journal entries, 17 active memories, 0 archived memories
    Latest day 5: Lena spent the day Look for work or business opportunities, then Meet residents, then Organize community support. Important interactions involved Maya. The relationship with Maya improved.
  Carlos: 5 journal entries, 17 active memories, 0 archived memories
    Latest day 5: Carlos spent the day Attend Book Club, then Look for business opportunities, then Look for information. Important interactions involved Ethan. The relationship with Ethan did not substantially change.

Simulation finished.
